// Jest Snapshot v1, https://goo.gl/fbAQLP

exports[`OpenAPI Document should be valid 1`] = `
{
  "components": {
    "securitySchemes": {
      "bearerAuth": {
        "description": "An API key generated via the Aurora Cloud Console",
        "in": "header",
        "name": "Authorization",
        "scheme": "bearer",
        "type": "http",
      },
    },
  },
  "info": {
    "title": "Aurora Cloud Console API",
    "version": "1.0.0",
  },
  "openapi": "3.0.2",
  "paths": {
    "/api/deals": {
      "get": {
        "deprecated": undefined,
        "description": "**Required scopes:** \`deals:read\`",
        "operationId": "getDeals",
        "parameters": [],
        "responses": {
          "200": {
            "content": {
              "application/json": {
                "schema": {
                  "properties": {
                    "items": {
                      "items": {
                        "properties": {
                          "createdAt": {
                            "type": "string",
                          },
                          "enabled": {
                            "type": "boolean",
                          },
                          "endTime": {
                            "nullable": true,
                            "type": "string",
                          },
                          "id": {
                            "type": "number",
                          },
                          "lists": {
                            "additionalProperties": {
                              "nullable": true,
                              "properties": {
                                "id": {
                                  "type": "number",
                                },
                                "name": {
                                  "type": "string",
                                },
                              },
                              "required": [
                                "id",
                                "name",
                              ],
                              "type": "object",
                            },
                            "type": "object",
                          },
                          "name": {
                            "type": "string",
                          },
                          "startTime": {
                            "nullable": true,
                            "type": "string",
                          },
                          "teamId": {
                            "type": "number",
                          },
                          "updatedAt": {
                            "nullable": true,
                            "type": "string",
                          },
                        },
                        "required": [
                          "id",
                          "createdAt",
                          "updatedAt",
                          "name",
                          "teamId",
                          "enabled",
                          "startTime",
                          "endTime",
                          "lists",
                        ],
                        "type": "object",
                      },
                      "type": "array",
                    },
                  },
                  "required": [
                    "items",
                  ],
                  "type": "object",
                },
              },
            },
            "description": "200",
          },
        },
        "security": [
          {
            "bearerAuth": [
              "deals:read",
            ],
          },
        ],
        "summary": "Get all deals",
        "tags": [
          "deals",
        ],
      },
      "post": {
        "deprecated": undefined,
        "description": "**Required scopes:** \`deals:write\`",
        "operationId": "createDeal",
        "parameters": [],
        "requestBody": {
          "content": {
            "application/json": {
              "schema": {
                "properties": {
                  "name": {
                    "type": "string",
                  },
                },
                "required": [
                  "name",
                ],
                "type": "object",
              },
            },
          },
          "description": "Body",
        },
        "responses": {
          "200": {
            "content": {
              "application/json": {
                "schema": {
                  "properties": {
                    "createdAt": {
                      "type": "string",
                    },
                    "enabled": {
                      "type": "boolean",
                    },
                    "endTime": {
                      "nullable": true,
                      "type": "string",
                    },
                    "id": {
                      "type": "number",
                    },
                    "lists": {
                      "additionalProperties": {
                        "nullable": true,
                        "properties": {
                          "id": {
                            "type": "number",
                          },
                          "name": {
                            "type": "string",
                          },
                        },
                        "required": [
                          "id",
                          "name",
                        ],
                        "type": "object",
                      },
                      "type": "object",
                    },
                    "name": {
                      "type": "string",
                    },
                    "startTime": {
                      "nullable": true,
                      "type": "string",
                    },
                    "teamId": {
                      "type": "number",
                    },
                    "updatedAt": {
                      "nullable": true,
                      "type": "string",
                    },
                  },
                  "required": [
                    "id",
                    "createdAt",
                    "updatedAt",
                    "name",
                    "teamId",
                    "enabled",
                    "startTime",
                    "endTime",
                    "lists",
                  ],
                  "type": "object",
                },
              },
            },
            "description": "200",
          },
        },
        "security": [
          {
            "bearerAuth": [
              "deals:write",
            ],
          },
        ],
        "summary": "Create a deal",
        "tags": [
          "deals",
        ],
      },
    },
    "/api/deals/priorities": {
      "get": {
        "deprecated": undefined,
        "description": "**Required scopes:** \`deals:read\`",
        "operationId": "getDealPriorities",
        "parameters": [],
        "responses": {
          "200": {
            "content": {
              "application/json": {
                "schema": {
                  "properties": {
                    "items": {
                      "items": {
                        "properties": {
                          "dealId": {
                            "type": "number",
                          },
                          "name": {
                            "type": "string",
                          },
                          "priority": {
                            "type": "string",
                          },
                        },
                        "required": [
                          "dealId",
                          "name",
                          "priority",
                        ],
                        "type": "object",
                      },
                      "type": "array",
                    },
                  },
                  "required": [
                    "items",
                  ],
                  "type": "object",
                },
              },
            },
            "description": "200",
          },
        },
        "security": [
          {
            "bearerAuth": [
              "deals:read",
            ],
          },
        ],
        "summary": "Get deal execution priorities",
        "tags": [
          "deals",
        ],
      },
      "put": {
        "deprecated": undefined,
        "description": "**Required scopes:** \`deals:write\`",
        "operationId": "updateDealPriorities",
        "parameters": [],
        "requestBody": {
          "content": {
            "application/json": {
              "schema": {
                "properties": {
                  "priorities": {
                    "items": {
                      "properties": {
                        "dealId": {
                          "type": "number",
                        },
                        "priority": {
                          "type": "string",
                        },
                      },
                      "required": [
                        "dealId",
                        "priority",
                      ],
                      "type": "object",
                    },
                    "type": "array",
                  },
                },
                "required": [
                  "priorities",
                ],
                "type": "object",
              },
            },
          },
          "description": "Body",
        },
        "responses": {
          "200": {
            "content": {
              "application/json": {
                "schema": {
                  "properties": {
                    "items": {
                      "items": {
                        "properties": {
                          "dealId": {
                            "type": "number",
                          },
                          "name": {
                            "type": "string",
                          },
                          "priority": {
                            "type": "string",
                          },
                        },
                        "required": [
                          "dealId",
                          "name",
                          "priority",
                        ],
                        "type": "object",
                      },
                      "type": "array",
                    },
                  },
                  "required": [
                    "items",
                  ],
                  "type": "object",
                },
              },
            },
            "description": "200",
          },
        },
        "security": [
          {
            "bearerAuth": [
              "deals:write",
            ],
          },
        ],
        "summary": "Update deal execution priorities",
        "tags": [
          "deals",
        ],
      },
    },
    "/api/deals/{id}": {
      "get": {
        "deprecated": undefined,
        "description": "**Required scopes:** \`deals:read\`",
        "operationId": "getDeal",
        "parameters": [
          {
            "in": "path",
            "name": "id",
            "required": true,
            "schema": {
              "type": "number",
            },
          },
        ],
        "responses": {
          "200": {
            "content": {
              "application/json": {
                "schema": {
                  "properties": {
                    "createdAt": {
                      "type": "string",
                    },
                    "enabled": {
                      "type": "boolean",
                    },
                    "endTime": {
                      "nullable": true,
                      "type": "string",
                    },
                    "id": {
                      "type": "number",
                    },
                    "lists": {
                      "additionalProperties": {
                        "nullable": true,
                        "properties": {
                          "id": {
                            "type": "number",
                          },
                          "name": {
                            "type": "string",
                          },
                        },
                        "required": [
                          "id",
                          "name",
                        ],
                        "type": "object",
                      },
                      "type": "object",
                    },
                    "name": {
                      "type": "string",
                    },
                    "startTime": {
                      "nullable": true,
                      "type": "string",
                    },
                    "teamId": {
                      "type": "number",
                    },
                    "updatedAt": {
                      "nullable": true,
                      "type": "string",
                    },
                  },
                  "required": [
                    "id",
                    "createdAt",
                    "updatedAt",
                    "name",
                    "teamId",
                    "enabled",
                    "startTime",
                    "endTime",
                    "lists",
                  ],
                  "type": "object",
                },
              },
            },
            "description": "200",
          },
        },
        "security": [
          {
            "bearerAuth": [
              "deals:read",
            ],
          },
        ],
        "summary": "Get a single deal",
        "tags": [
          "deals",
        ],
      },
      "put": {
        "deprecated": undefined,
        "description": "**Required scopes:** \`deals:write\`",
        "operationId": "updateDeal",
        "parameters": [
          {
            "in": "path",
            "name": "id",
            "required": true,
            "schema": {
              "type": "number",
            },
          },
        ],
        "requestBody": {
          "content": {
            "application/json": {
              "schema": {
                "properties": {
                  "chainFilterListId": {
                    "nullable": true,
                    "type": "number",
                  },
                  "contractFilterListId": {
                    "nullable": true,
                    "type": "number",
                  },
                  "enabled": {
                    "type": "boolean",
                  },
                  "endTime": {
                    "nullable": true,
                    "type": "string",
                  },
                  "eoaBlacklistListId": {
                    "nullable": true,
                    "type": "number",
                  },
                  "eoaFilterListId": {
                    "nullable": true,
                    "type": "number",
                  },
                  "startTime": {
                    "nullable": true,
                    "type": "string",
                  },
                },
                "type": "object",
              },
            },
          },
          "description": "Body",
        },
        "responses": {
          "200": {
            "content": {
              "application/json": {
                "schema": {
                  "properties": {
                    "createdAt": {
                      "type": "string",
                    },
                    "enabled": {
                      "type": "boolean",
                    },
                    "endTime": {
                      "nullable": true,
                      "type": "string",
                    },
                    "id": {
                      "type": "number",
                    },
                    "lists": {
                      "additionalProperties": {
                        "nullable": true,
                        "properties": {
                          "id": {
                            "type": "number",
                          },
                          "name": {
                            "type": "string",
                          },
                        },
                        "required": [
                          "id",
                          "name",
                        ],
                        "type": "object",
                      },
                      "type": "object",
                    },
                    "name": {
                      "type": "string",
                    },
                    "startTime": {
                      "nullable": true,
                      "type": "string",
                    },
                    "teamId": {
                      "type": "number",
                    },
                    "updatedAt": {
                      "nullable": true,
                      "type": "string",
                    },
                  },
                  "required": [
                    "id",
                    "createdAt",
                    "updatedAt",
                    "name",
                    "teamId",
                    "enabled",
                    "startTime",
                    "endTime",
                    "lists",
                  ],
                  "type": "object",
                },
              },
            },
            "description": "200",
          },
        },
        "security": [
          {
            "bearerAuth": [
              "deals:write",
            ],
          },
        ],
        "summary": "Update a deal",
        "tags": [
          "deals",
        ],
      },
    },
    "/api/forwarder": {
      "post": {
        "deprecated": undefined,
        "description": "**Required scopes:** \`forwarder:write\`",
        "operationId": "createForwarderAddress",
        "parameters": [],
        "requestBody": {
          "content": {
            "application/json": {
              "schema": {
                "properties": {
                  "address": {
                    "type": "string",
                  },
                },
                "required": [
                  "address",
                ],
                "type": "object",
              },
            },
          },
          "description": "Body",
        },
        "responses": {
          "200": {
            "content": {
              "application/json": {
                "schema": {
                  "properties": {
                    "forwarderAddress": {
                      "nullable": true,
                      "type": "string",
                    },
                  },
                  "required": [
                    "forwarderAddress",
                  ],
                  "type": "object",
                },
              },
            },
            "description": "200",
          },
        },
        "security": [
          {
            "bearerAuth": [
              "forwarder:write",
            ],
          },
        ],
        "summary": "Create a forwarder address for given target address",
        "tags": [
          "forwarder",
        ],
      },
    },
    "/api/forwarder/{address}": {
      "get": {
        "deprecated": undefined,
        "description": "**Required scopes:** \`forwarder:read\`",
        "operationId": "getForwarderAddress",
        "parameters": [
          {
            "in": "path",
            "name": "address",
            "required": true,
            "schema": {
              "type": "string",
            },
          },
        ],
        "responses": {
          "200": {
            "content": {
              "application/json": {
                "schema": {
                  "properties": {
                    "forwarderAddress": {
                      "type": "string",
                    },
                  },
                  "required": [
                    "forwarderAddress",
                  ],
                  "type": "object",
                },
              },
            },
            "description": "200",
          },
        },
        "security": [
          {
            "bearerAuth": [
              "forwarder:read",
            ],
          },
        ],
        "summary": "Get the forwarder address for given target address",
        "tags": [
          "forwarder",
        ],
      },
    },
    "/api/lists": {
      "get": {
        "deprecated": undefined,
        "description": "**Required scopes:** \`lists:read\`",
        "operationId": "getLists",
        "parameters": [],
        "responses": {
          "200": {
            "content": {
              "application/json": {
                "schema": {
                  "properties": {
                    "items": {
                      "items": {
                        "properties": {
                          "createdAt": {
                            "type": "string",
                          },
                          "id": {
                            "type": "number",
                          },
                          "name": {
                            "type": "string",
                          },
                        },
                        "required": [
                          "id",
                          "createdAt",
                          "name",
                        ],
                        "type": "object",
                      },
                      "type": "array",
                    },
                  },
                  "required": [
                    "items",
                  ],
                  "type": "object",
                },
              },
            },
            "description": "200",
          },
        },
        "security": [
          {
            "bearerAuth": [
              "lists:read",
            ],
          },
        ],
        "summary": "Get all lists",
        "tags": [
          "lists",
        ],
      },
      "post": {
        "deprecated": undefined,
        "description": "**Required scopes:** \`lists:write\`",
        "operationId": "createList",
        "parameters": [],
        "requestBody": {
          "content": {
            "application/json": {
              "schema": {
                "properties": {
                  "name": {
                    "type": "string",
                  },
                },
                "required": [
                  "name",
                ],
                "type": "object",
              },
            },
          },
          "description": "Body",
        },
        "responses": {
          "200": {
            "content": {
              "application/json": {
                "schema": {
                  "properties": {
                    "createdAt": {
                      "type": "string",
                    },
                    "id": {
                      "type": "number",
                    },
                    "name": {
                      "type": "string",
                    },
                  },
                  "required": [
                    "id",
                    "createdAt",
                    "name",
                  ],
                  "type": "object",
                },
              },
            },
            "description": "200",
          },
        },
        "security": [
          {
            "bearerAuth": [
              "lists:write",
            ],
          },
        ],
        "summary": "Create a list",
        "tags": [
          "lists",
        ],
      },
    },
    "/api/lists/{id}": {
      "delete": {
        "deprecated": undefined,
        "description": "**Required scopes:** \`lists:write\`",
        "operationId": "deleteList",
        "parameters": [
          {
            "in": "path",
            "name": "id",
            "required": true,
            "schema": {
              "type": "number",
            },
          },
        ],
        "responses": {
          "204": {
            "description": "204",
          },
        },
        "security": [
          {
            "bearerAuth": [
              "lists:write",
            ],
          },
        ],
        "summary": "Delete a list",
        "tags": [
          "lists",
        ],
      },
      "get": {
        "deprecated": undefined,
        "description": "**Required scopes:** \`lists:read\`",
        "operationId": "getList",
        "parameters": [
          {
            "in": "path",
            "name": "id",
            "required": true,
            "schema": {
              "type": "number",
            },
          },
        ],
        "responses": {
          "200": {
            "content": {
              "application/json": {
                "schema": {
                  "properties": {
                    "createdAt": {
                      "type": "string",
                    },
                    "id": {
                      "type": "number",
                    },
                    "name": {
                      "type": "string",
                    },
                  },
                  "required": [
                    "id",
                    "createdAt",
                    "name",
                  ],
                  "type": "object",
                },
              },
            },
            "description": "200",
          },
        },
        "security": [
          {
            "bearerAuth": [
              "lists:read",
            ],
          },
        ],
        "summary": "Get a single list",
        "tags": [
          "lists",
        ],
      },
      "put": {
        "deprecated": undefined,
        "description": "**Required scopes:** \`lists:write\`",
        "operationId": "updateList",
        "parameters": [
          {
            "in": "path",
            "name": "id",
            "required": true,
            "schema": {
              "type": "number",
            },
          },
        ],
        "requestBody": {
          "content": {
            "application/json": {
              "schema": {
                "properties": {
                  "name": {
                    "type": "string",
                  },
                },
                "required": [
                  "name",
                ],
                "type": "object",
              },
            },
          },
          "description": "Body",
        },
        "responses": {
          "200": {
            "content": {
              "application/json": {
                "schema": {
                  "properties": {
                    "createdAt": {
                      "type": "string",
                    },
                    "id": {
                      "type": "number",
                    },
                    "name": {
                      "type": "string",
                    },
                  },
                  "required": [
                    "id",
                    "createdAt",
                    "name",
                  ],
                  "type": "object",
                },
              },
            },
            "description": "200",
          },
        },
        "security": [
          {
            "bearerAuth": [
              "lists:write",
            ],
          },
        ],
        "summary": "Update a list",
        "tags": [
          "lists",
        ],
      },
    },
    "/api/lists/{id}/items": {
      "get": {
        "deprecated": undefined,
        "description": "**Required scopes:** \`lists:read\`",
        "operationId": "getListItems",
        "parameters": [
          {
            "in": "path",
            "name": "id",
            "required": true,
            "schema": {
              "type": "number",
            },
          },
          {
            "in": "query",
            "name": "limit",
            "schema": {
              "type": "number",
            },
          },
          {
            "in": "query",
            "name": "cursor",
            "schema": {
              "type": "string",
            },
          },
        ],
        "responses": {
          "200": {
            "content": {
              "application/json": {
                "schema": {
                  "properties": {
                    "items": {
                      "items": {
                        "type": "string",
                      },
                      "type": "array",
                    },
                    "total": {
                      "type": "number",
                    },
                  },
                  "required": [
                    "total",
                    "items",
                  ],
                  "type": "object",
                },
              },
            },
            "description": "200",
          },
        },
        "security": [
          {
            "bearerAuth": [
              "lists:read",
            ],
          },
        ],
        "summary": "Get the items in a list",
        "tags": [
          "lists",
        ],
      },
      "post": {
        "deprecated": undefined,
        "description": "**Required scopes:** \`lists:write\`",
        "operationId": "createListItems",
        "parameters": [
          {
            "in": "path",
            "name": "id",
            "required": true,
            "schema": {
              "type": "number",
            },
          },
        ],
        "requestBody": {
          "content": {
            "application/json": {
              "schema": {
                "properties": {
                  "items": {
                    "items": {
                      "type": "string",
                    },
                    "type": "array",
                  },
                },
                "required": [
                  "items",
                ],
                "type": "object",
              },
            },
          },
          "description": "Body",
        },
        "responses": {
          "200": {
            "content": {
              "application/json": {
                "schema": {
                  "properties": {
                    "count": {
                      "type": "number",
                    },
                  },
                  "required": [
                    "count",
                  ],
                  "type": "object",
                },
              },
            },
            "description": "200",
          },
        },
        "security": [
          {
            "bearerAuth": [
              "lists:write",
            ],
          },
        ],
        "summary": "Add items to a list",
        "tags": [
          "lists",
        ],
      },
    },
    "/api/lists/{id}/items/{item}": {
      "delete": {
        "deprecated": undefined,
        "description": "**Required scopes:** \`lists:write\`",
        "operationId": "deleteListItem",
        "parameters": [
          {
            "in": "path",
            "name": "id",
            "required": true,
            "schema": {
              "type": "number",
            },
          },
          {
            "in": "path",
            "name": "item",
            "required": true,
            "schema": {
              "type": "string",
            },
          },
        ],
        "responses": {
          "204": {
            "description": "204",
          },
        },
        "security": [
          {
            "bearerAuth": [
              "lists:write",
            ],
          },
        ],
        "summary": "Remove an item from a list",
        "tags": [
          "lists",
        ],
      },
      "get": {
        "deprecated": undefined,
        "description": "**Required scopes:** \`lists:read\`",
        "operationId": "getListItem",
        "parameters": [
          {
            "in": "path",
            "name": "id",
            "required": true,
            "schema": {
              "type": "number",
            },
          },
          {
            "in": "path",
            "name": "item",
            "required": true,
            "schema": {
              "type": "string",
            },
          },
        ],
        "responses": {
          "200": {
            "content": {
              "application/json": {
                "schema": {
                  "type": "string",
                },
              },
            },
            "description": "200",
          },
        },
        "security": [
          {
            "bearerAuth": [
              "lists:read",
            ],
          },
        ],
        "summary": "Get a single item from a list",
        "tags": [
          "lists",
        ],
      },
    },
    "/api/silos": {
      "get": {
        "deprecated": undefined,
        "description": "**Required scopes:** \`silos:read\`",
        "operationId": "getSilos",
        "parameters": [],
        "responses": {
          "200": {
            "content": {
              "application/json": {
                "schema": {
                  "properties": {
                    "items": {
                      "items": {
                        "properties": {
                          "chainId": {
                            "type": "string",
                          },
                          "createdAt": {
                            "type": "string",
                          },
                          "engineAccount": {
                            "type": "string",
                          },
                          "engineVersion": {
                            "type": "string",
                          },
                          "genesis": {
                            "type": "string",
                          },
                          "id": {
                            "type": "number",
                          },
                          "name": {
                            "type": "string",
                          },
                          "nativeToken": {
                            "properties": {
                              "decimals": {
                                "nullable": true,
                                "type": "number",
                              },
                              "name": {
                                "nullable": true,
                                "type": "string",
                              },
                              "symbol": {
                                "type": "string",
                              },
                            },
                            "required": [
                              "symbol",
                              "name",
                              "decimals",
                            ],
                            "type": "object",
                          },
                          "network": {
                            "type": "string",
                          },
                          "rpcUrl": {
                            "type": "string",
                          },
                          "updatedAt": {
                            "type": "string",
                          },
                        },
                        "required": [
                          "id",
                          "createdAt",
                          "updatedAt",
                          "chainId",
                          "engineAccount",
                          "engineVersion",
                          "genesis",
                          "name",
                          "network",
                          "rpcUrl",
                          "nativeToken",
                        ],
                        "type": "object",
                      },
                      "type": "array",
                    },
                  },
                  "required": [
                    "items",
                  ],
                  "type": "object",
                },
              },
            },
            "description": "200",
          },
        },
        "security": [
          {
            "bearerAuth": [
              "silos:read",
            ],
          },
        ],
        "summary": "Get all silos",
        "tags": [
          "silos",
        ],
      },
    },
    "/api/silos/{id}": {
      "get": {
        "deprecated": undefined,
        "description": "**Required scopes:** \`silos:read\`",
        "operationId": "getSilo",
        "parameters": [
          {
            "in": "path",
            "name": "id",
            "required": true,
            "schema": {
              "type": "number",
            },
          },
        ],
        "responses": {
          "200": {
            "content": {
              "application/json": {
                "schema": {
                  "properties": {
                    "chainId": {
                      "type": "string",
                    },
                    "createdAt": {
                      "type": "string",
                    },
                    "engineAccount": {
                      "type": "string",
                    },
                    "engineVersion": {
                      "type": "string",
                    },
                    "genesis": {
                      "type": "string",
                    },
                    "id": {
                      "type": "number",
                    },
                    "name": {
                      "type": "string",
                    },
                    "nativeToken": {
                      "properties": {
                        "decimals": {
                          "nullable": true,
                          "type": "number",
                        },
                        "name": {
                          "nullable": true,
                          "type": "string",
                        },
                        "symbol": {
                          "type": "string",
                        },
                      },
                      "required": [
                        "symbol",
                        "name",
                        "decimals",
                      ],
                      "type": "object",
                    },
                    "network": {
                      "type": "string",
                    },
                    "rpcUrl": {
                      "type": "string",
                    },
                    "updatedAt": {
                      "type": "string",
                    },
                  },
                  "required": [
                    "id",
                    "createdAt",
                    "updatedAt",
                    "chainId",
                    "engineAccount",
                    "engineVersion",
                    "genesis",
                    "name",
                    "network",
                    "rpcUrl",
                    "nativeToken",
                  ],
                  "type": "object",
                },
              },
            },
            "description": "200",
          },
        },
        "security": [
          {
            "bearerAuth": [
              "silos:read",
            ],
          },
        ],
        "summary": "Get a single silo",
        "tags": [
          "silos",
        ],
      },
    },
    "/api/silos/{id}/failure-rate": {
      "get": {
        "deprecated": undefined,
        "description": "**Required scopes:** \`silos:read\`",
        "operationId": "getSiloFailureRate",
        "parameters": [
          {
            "in": "path",
            "name": "id",
            "required": true,
            "schema": {
              "type": "number",
            },
          },
        ],
        "responses": {
          "200": {
            "content": {
              "application/json": {
                "schema": {
                  "properties": {
                    "items": {
                      "items": {
                        "properties": {
                          "chart": {
                            "items": {
                              "properties": {
                                "count": {
                                  "type": "number",
                                },
                                "day": {
                                  "type": "number",
                                },
                              },
                              "required": [
                                "day",
                                "count",
                              ],
                              "type": "object",
                            },
                            "type": "array",
                          },
                          "label": {
                            "type": "string",
                          },
                        },
                        "required": [
                          "label",
                          "chart",
                        ],
                        "type": "object",
                      },
                      "type": "array",
                    },
                  },
                  "required": [
                    "items",
                  ],
                  "type": "object",
                },
              },
            },
            "description": "200",
          },
        },
        "security": [
          {
            "bearerAuth": [
              "silos:read",
            ],
          },
        ],
        "summary": "Get the failure rate chart for a single silo",
        "tags": [
          "silos",
        ],
      },
    },
    "/api/silos/{id}/gas-collected": {
      "get": {
        "deprecated": undefined,
        "description": "**Required scopes:** \`transactions:read\`",
        "operationId": "getSiloCollectedGas",
        "parameters": [
          {
            "in": "path",
            "name": "id",
            "required": true,
            "schema": {
              "type": "number",
            },
          },
          {
            "in": "query",
            "name": "startDate",
            "required": true,
            "schema": {
              "type": "string",
            },
          },
          {
            "in": "query",
            "name": "endDate",
            "required": true,
            "schema": {
              "type": "string",
            },
          },
        ],
        "responses": {
          "200": {
            "content": {
              "application/json": {
                "schema": {
                  "properties": {
                    "count": {
                      "type": "number",
                    },
                    "items": {
                      "items": {
                        "properties": {
                          "count": {
                            "type": "number",
                          },
                          "day": {
                            "type": "string",
                          },
                          "transactionsCount": {
                            "type": "number",
                          },
                        },
                        "required": [
                          "day",
                          "count",
                          "transactionsCount",
                        ],
                        "type": "object",
                      },
                      "type": "array",
                    },
                    "transactionsCount": {
                      "type": "number",
                    },
                  },
                  "required": [
                    "count",
                    "transactionsCount",
                    "items",
                  ],
                  "type": "object",
                },
              },
            },
            "description": "200",
          },
        },
        "security": [
          {
            "bearerAuth": [
              "transactions:read",
            ],
          },
        ],
        "summary": "Get collected gas over time for a single silo",
        "tags": [
          "silos",
        ],
      },
    },
    "/api/silos/{id}/gas-collected-total": {
      "get": {
        "deprecated": undefined,
        "description": "**Required scopes:** \`transactions:read\`",
        "operationId": "getSiloCollectedGasTotal",
        "parameters": [
          {
            "in": "path",
            "name": "id",
            "required": true,
            "schema": {
              "type": "number",
            },
          },
        ],
        "responses": {
          "200": {
            "content": {
              "application/json": {
                "schema": {
                  "properties": {
                    "count": {
                      "type": "number",
                    },
                  },
                  "required": [
                    "count",
                  ],
                  "type": "object",
                },
              },
            },
            "description": "200",
          },
        },
        "security": [
          {
            "bearerAuth": [
              "transactions:read",
            ],
          },
        ],
        "summary": "Get collected gas to the moment",
        "tags": [
          "silos",
        ],
      },
    },
    "/api/silos/{id}/latency": {
      "get": {
        "deprecated": undefined,
        "description": "**Required scopes:** \`silos:read\`",
        "operationId": "getSiloLatency",
        "parameters": [
          {
            "in": "path",
            "name": "id",
            "required": true,
            "schema": {
              "type": "number",
            },
          },
          {
            "in": "query",
            "name": "interval",
            "schema": {
              "enum": [
                "now-24h",
                "now-12h",
                "now-1h",
                "now-15m",
              ],
              "type": "string",
            },
          },
        ],
        "responses": {
          "200": {
            "content": {
              "application/json": {
                "schema": {
                  "properties": {
                    "items": {
                      "items": {
                        "properties": {
                          "chart": {
                            "items": {
                              "properties": {
                                "count": {
                                  "type": "number",
                                },
                                "day": {
                                  "type": "number",
                                },
                              },
                              "required": [
                                "day",
                                "count",
                              ],
                              "type": "object",
                            },
                            "type": "array",
                          },
                          "label": {
                            "type": "string",
                          },
                        },
                        "required": [
                          "label",
                          "chart",
                        ],
                        "type": "object",
                      },
                      "type": "array",
                    },
                  },
                  "required": [
                    "items",
                  ],
                  "type": "object",
                },
              },
            },
            "description": "200",
          },
        },
        "security": [
          {
            "bearerAuth": [
              "silos:read",
            ],
          },
        ],
        "summary": "Get latency chart data",
        "tags": [
          "silos",
        ],
      },
    },
    "/api/silos/{id}/oracle": {
      "get": {
        "deprecated": undefined,
        "description": "**Required scopes:** \`silos:read\`",
        "operationId": "getSiloOracle",
        "parameters": [
          {
            "in": "path",
            "name": "id",
            "required": true,
            "schema": {
              "type": "number",
            },
          },
        ],
        "responses": {
          "200": {
            "content": {
              "application/json": {
                "schema": {
                  "properties": {
                    "address": {
                      "nullable": true,
                      "type": "string",
                    },
                    "createdAt": {
                      "nullable": true,
                      "type": "string",
                    },
                    "updatedAt": {
                      "nullable": true,
                      "type": "string",
                    },
                  },
                  "required": [
                    "createdAt",
                    "updatedAt",
                    "address",
                  ],
                  "type": "object",
                },
              },
            },
            "description": "200",
          },
        },
        "security": [
          {
            "bearerAuth": [
              "silos:read",
            ],
          },
        ],
        "summary": "Get the oracle configuration for a silo",
        "tags": [
          "silos",
        ],
      },
      "post": {
        "deprecated": undefined,
        "description": "**Required scopes:** \`silos:write\`",
        "operationId": "createSiloOracle",
        "parameters": [
          {
            "in": "path",
            "name": "id",
            "required": true,
            "schema": {
              "type": "number",
            },
          },
        ],
        "requestBody": {
          "content": {
            "application/json": {
              "schema": {
                "properties": {},
                "type": "object",
              },
            },
          },
          "description": "Body",
        },
        "responses": {
          "200": {
            "content": {
              "application/json": {
                "schema": {
                  "properties": {
                    "address": {
                      "nullable": true,
                      "type": "string",
                    },
                    "createdAt": {
                      "nullable": true,
                      "type": "string",
                    },
                    "updatedAt": {
                      "nullable": true,
                      "type": "string",
                    },
                  },
                  "required": [
                    "createdAt",
                    "updatedAt",
                    "address",
                  ],
                  "type": "object",
                },
              },
            },
            "description": "200",
          },
        },
        "security": [
          {
            "bearerAuth": [
              "silos:write",
            ],
          },
        ],
        "summary": "Create an oracle configuration for a silo",
        "tags": [
          "silos",
        ],
      },
    },
    "/api/silos/{id}/rpc-requests": {
      "get": {
        "deprecated": undefined,
        "description": "**Required scopes:** \`silos:read\`",
        "operationId": "getSiloRpcRequests",
        "parameters": [
          {
            "in": "path",
            "name": "id",
            "required": true,
            "schema": {
              "type": "number",
            },
          },
        ],
        "responses": {
          "200": {
            "content": {
              "application/json": {
                "schema": {
                  "properties": {
                    "items": {
                      "items": {
                        "properties": {
                          "chart": {
                            "items": {
                              "properties": {
                                "count": {
                                  "type": "number",
                                },
                                "day": {
                                  "type": "number",
                                },
                              },
                              "required": [
                                "day",
                                "count",
                              ],
                              "type": "object",
                            },
                            "type": "array",
                          },
                          "label": {
                            "type": "string",
                          },
                        },
                        "required": [
                          "label",
                          "chart",
                        ],
                        "type": "object",
                      },
                      "type": "array",
                    },
                  },
                  "required": [
                    "items",
                  ],
                  "type": "object",
                },
              },
            },
            "description": "200",
          },
        },
        "security": [
          {
            "bearerAuth": [
              "silos:read",
            ],
          },
        ],
        "summary": "Get RPC request chart data",
        "tags": [
          "silos",
        ],
      },
    },
    "/api/silos/{id}/tokens": {
      "get": {
        "deprecated": undefined,
        "description": "**Required scopes:** \`silos:read\`",
        "operationId": "getSiloTokens",
        "parameters": [
          {
            "in": "path",
            "name": "id",
            "required": true,
            "schema": {
              "type": "number",
            },
          },
        ],
        "responses": {
          "200": {
            "content": {
              "application/json": {
                "schema": {
                  "properties": {
                    "items": {
                      "items": {
                        "properties": {
                          "address": {
                            "type": "string",
                          },
                          "bridge": {
                            "nullable": true,
                            "properties": {
                              "addresses": {
                                "items": {
                                  "properties": {
                                    "address": {
                                      "type": "string",
                                    },
                                    "network": {
                                      "type": "string",
                                    },
                                  },
                                  "required": [
                                    "network",
                                    "address",
                                  ],
                                  "type": "object",
                                },
                                "type": "array",
                              },
                              "deploymentStatus": {
                                "enum": [
                                  "NOT_DEPLOYED",
                                  "PENDING",
                                  "DEPLOYED",
                                ],
                                "type": "string",
                              },
                              "isFast": {
                                "type": "boolean",
                              },
                              "origin": {
                                "nullable": true,
                                "type": "string",
                              },
                            },
                            "required": [
                              "deploymentStatus",
                              "isFast",
                              "addresses",
                              "origin",
                            ],
                            "type": "object",
                          },
                          "createdAt": {
                            "type": "string",
                          },
                          "decimals": {
                            "nullable": true,
                            "type": "number",
                          },
                          "deploymentStatus": {
                            "enum": [
                              "NOT_DEPLOYED",
                              "PENDING",
                              "DEPLOYED",
                            ],
                            "type": "string",
                          },
                          "iconUrl": {
                            "nullable": true,
                            "type": "string",
                          },
                          "id": {
                            "type": "number",
                          },
                          "name": {
                            "nullable": true,
                            "type": "string",
                          },
                          "symbol": {
                            "type": "string",
                          },
                          "type": {
                            "nullable": true,
                            "type": "string",
                          },
                        },
                        "required": [
                          "address",
                          "createdAt",
                          "id",
                          "symbol",
                          "name",
                          "decimals",
                          "iconUrl",
                          "type",
                          "deploymentStatus",
                          "bridge",
                        ],
                        "type": "object",
                      },
                      "type": "array",
                    },
                  },
                  "required": [
                    "items",
                  ],
                  "type": "object",
                },
              },
            },
            "description": "200",
          },
        },
        "security": [
          {
            "bearerAuth": [
              "silos:read",
            ],
          },
        ],
        "summary": "Get the tokens associated with a silo",
        "tags": [
          "silos",
        ],
      },
    },
    "/api/silos/{id}/tokens/bridge": {
      "post": {
        "deprecated": undefined,
        "description": "**Required scopes:** \`silos:write\`",
        "operationId": "bridgeSiloToken",
        "parameters": [
          {
            "in": "path",
            "name": "id",
            "required": true,
            "schema": {
              "type": "number",
            },
          },
        ],
        "requestBody": {
          "content": {
            "application/json": {
              "schema": {
                "properties": {
                  "address": {
                    "type": "string",
                  },
                  "symbol": {
                    "type": "string",
                  },
                  "tokenId": {
                    "type": "number",
                  },
                },
                "type": "object",
              },
            },
          },
          "description": "Body",
        },
        "responses": {
          "200": {
            "content": {
              "application/json": {
                "schema": {
                  "properties": {
                    "status": {
                      "enum": [
                        "NOT_DEPLOYED",
                        "PENDING",
                        "DEPLOYED",
                      ],
                      "type": "string",
                    },
                  },
                  "required": [
                    "status",
                  ],
                  "type": "object",
                },
              },
            },
            "description": "200",
          },
        },
        "security": [
          {
            "bearerAuth": [
              "silos:write",
            ],
          },
        ],
        "summary": "Request bridging of a token for a silo",
        "tags": [
          "silos",
        ],
      },
    },
    "/api/silos/{id}/transactions": {
      "get": {
        "deprecated": undefined,
        "description": "**Required scopes:** \`transactions:read\`",
        "operationId": "getSiloTransactions",
        "parameters": [
          {
            "in": "path",
            "name": "id",
            "required": true,
            "schema": {
              "type": "number",
            },
          },
          {
            "in": "query",
            "name": "interval",
            "schema": {
              "enum": [
                "1 WEEK",
                "1 MONTH",
                "3 MONTH",
              ],
              "type": "string",
            },
          },
        ],
        "responses": {
          "200": {
            "content": {
              "application/json": {
                "schema": {
                  "properties": {
                    "items": {
                      "items": {
                        "properties": {
                          "data": {
                            "properties": {
                              "label": {
                                "type": "string",
                              },
                              "transactionsCount": {
                                "type": "number",
                              },
                              "transactionsPerDay": {
                                "items": {
                                  "properties": {
                                    "count": {
                                      "type": "number",
                                    },
                                    "day": {
                                      "type": "string",
                                    },
                                  },
                                  "required": [
                                    "day",
                                    "count",
                                  ],
                                  "type": "object",
                                },
                                "type": "array",
                              },
                              "walletsCount": {
                                "type": "number",
                              },
                              "walletsPerDay": {
                                "items": {
                                  "properties": {
                                    "count": {
                                      "type": "number",
                                    },
                                    "day": {
                                      "type": "string",
                                    },
                                  },
                                  "required": [
                                    "day",
                                    "count",
                                  ],
                                  "type": "object",
                                },
                                "type": "array",
                              },
                            },
                            "required": [
                              "label",
                              "transactionsCount",
                              "walletsCount",
                              "transactionsPerDay",
                              "walletsPerDay",
                            ],
                            "type": "object",
                          },
                          "siloId": {
                            "type": "number",
                          },
                        },
                        "required": [
                          "siloId",
                          "data",
                        ],
                        "type": "object",
                      },
                      "type": "array",
                    },
                  },
                  "required": [
                    "items",
                  ],
                  "type": "object",
                },
              },
            },
            "description": "200",
          },
        },
        "security": [
          {
            "bearerAuth": [
              "transactions:read",
            ],
          },
        ],
        "summary": "Get transaction chart data for a silo",
        "tags": [
          "silos",
        ],
      },
    },
    "/api/silos/{id}/wallets": {
      "get": {
        "deprecated": undefined,
        "description": "**Required scopes:** \`transactions:read\`",
        "operationId": "getWallets",
        "parameters": [
          {
            "in": "path",
            "name": "id",
            "required": true,
            "schema": {
              "type": "string",
            },
          },
          {
            "in": "query",
            "name": "limit",
            "schema": {
              "type": "number",
            },
          },
          {
            "in": "query",
            "name": "offset",
            "schema": {
              "type": "number",
            },
          },
          {
            "in": "query",
            "name": "dealId",
            "schema": {
              "type": "number",
            },
          },
        ],
        "responses": {
          "200": {
            "content": {
              "application/json": {
                "schema": {
                  "properties": {
                    "items": {
                      "items": {
                        "properties": {
                          "firstTransactionAt": {
                            "type": "string",
                          },
                          "lastTransactionAt": {
                            "type": "string",
                          },
                          "numberOfTransactions": {
                            "type": "number",
                          },
                          "walletAddress": {
                            "type": "string",
                          },
                        },
                        "required": [
                          "walletAddress",
                          "numberOfTransactions",
                          "firstTransactionAt",
                          "lastTransactionAt",
                        ],
                        "type": "object",
                      },
                      "type": "array",
                    },
                    "total": {
                      "type": "number",
                    },
                  },
                  "required": [
                    "total",
                    "items",
                  ],
                  "type": "object",
                },
              },
            },
            "description": "200",
          },
        },
        "security": [
          {
            "bearerAuth": [
              "transactions:read",
            ],
          },
        ],
        "summary": "Get details of the wallets that have interacted with your silo",
        "tags": [
          "silos",
        ],
      },
    },
    "/api/silos/{id}/wallets/{address}": {
      "get": {
        "deprecated": undefined,
        "description": "**Required scopes:** \`transactions:read\`",
        "operationId": "getWallet",
        "parameters": [
          {
            "in": "path",
            "name": "id",
            "required": true,
            "schema": {
              "type": "string",
            },
          },
          {
            "in": "path",
            "name": "address",
            "required": true,
            "schema": {
              "type": "string",
            },
          },
          {
            "in": "query",
            "name": "dealId",
            "schema": {
              "type": "number",
            },
          },
        ],
        "responses": {
          "200": {
            "content": {
              "application/json": {
                "schema": {
                  "properties": {
                    "firstTransactionAt": {
                      "type": "string",
                    },
                    "lastTransactionAt": {
                      "type": "string",
                    },
                    "numberOfTransactions": {
                      "type": "number",
                    },
                    "walletAddress": {
                      "type": "string",
                    },
                  },
                  "required": [
                    "walletAddress",
                    "numberOfTransactions",
                    "firstTransactionAt",
                    "lastTransactionAt",
                  ],
                  "type": "object",
                },
              },
            },
            "description": "200",
          },
        },
        "security": [
          {
            "bearerAuth": [
              "transactions:read",
            ],
          },
        ],
        "summary": "Get details of a single wallet that has interacted with your silo",
        "tags": [
          "silos",
        ],
      },
    },
    "/api/silos/{id}/widget": {
      "get": {
        "deprecated": undefined,
        "description": "**Required scopes:** \`silos:read\`",
        "operationId": "getWidget",
        "parameters": [
          {
            "in": "path",
            "name": "id",
            "required": true,
            "schema": {
              "type": "number",
            },
          },
        ],
        "responses": {
          "200": {
            "content": {
              "application/json": {
                "schema": {
                  "properties": {
                    "createdAt": {
                      "nullable": true,
                      "type": "string",
                    },
                    "enabled": {
                      "type": "boolean",
                    },
                    "fromNetworks": {
                      "items": {
                        "enum": [
                          "AURORA",
                          "ETHEREUM",
                          "NEAR",
                          "CUSTOM",
                        ],
                        "type": "string",
                      },
                      "nullable": true,
                      "type": "array",
                    },
                    "toNetworks": {
                      "items": {
                        "enum": [
                          "AURORA",
                          "ETHEREUM",
                          "NEAR",
                          "CUSTOM",
                        ],
                        "type": "string",
                      },
                      "nullable": true,
                      "type": "array",
                    },
                    "tokens": {
                      "items": {
                        "type": "number",
                      },
                      "type": "array",
                    },
                    "updatedAt": {
                      "nullable": true,
                      "type": "string",
                    },
                    "widgetUrl": {
                      "nullable": true,
                      "type": "string",
                    },
                  },
                  "required": [
                    "enabled",
                    "createdAt",
                    "updatedAt",
                    "fromNetworks",
                    "toNetworks",
                    "tokens",
                    "widgetUrl",
                  ],
                  "type": "object",
                },
              },
            },
            "description": "200",
          },
        },
        "security": [
          {
            "bearerAuth": [
              "silos:read",
            ],
          },
        ],
        "summary": "Get the widget configuration for a silo",
        "tags": [
          "silos",
        ],
      },
      "put": {
        "deprecated": undefined,
        "description": "**Required scopes:** \`silos:write\`",
        "operationId": "updateWidget",
        "parameters": [
          {
            "in": "path",
            "name": "id",
            "required": true,
            "schema": {
              "type": "number",
            },
          },
        ],
        "requestBody": {
          "content": {
            "application/json": {
              "schema": {
                "properties": {
                  "fromNetworks": {
                    "items": {
                      "enum": [
                        "AURORA",
                        "ETHEREUM",
                        "NEAR",
                        "CUSTOM",
                      ],
                      "type": "string",
                    },
                    "type": "array",
                  },
                  "toNetworks": {
                    "items": {
                      "enum": [
                        "AURORA",
                        "ETHEREUM",
                        "NEAR",
                        "CUSTOM",
                      ],
                      "type": "string",
                    },
                    "type": "array",
                  },
                  "tokens": {
                    "items": {
                      "type": "number",
                    },
                    "type": "array",
                  },
                },
                "type": "object",
              },
            },
          },
          "description": "Body",
        },
        "responses": {
          "200": {
            "content": {
              "application/json": {
                "schema": {
                  "properties": {
                    "createdAt": {
                      "nullable": true,
                      "type": "string",
                    },
                    "enabled": {
                      "type": "boolean",
                    },
                    "fromNetworks": {
                      "items": {
                        "enum": [
                          "AURORA",
                          "ETHEREUM",
                          "NEAR",
                          "CUSTOM",
                        ],
                        "type": "string",
                      },
                      "nullable": true,
                      "type": "array",
                    },
                    "toNetworks": {
                      "items": {
                        "enum": [
                          "AURORA",
                          "ETHEREUM",
                          "NEAR",
                          "CUSTOM",
                        ],
                        "type": "string",
                      },
                      "nullable": true,
                      "type": "array",
                    },
                    "tokens": {
                      "items": {
                        "type": "number",
                      },
                      "type": "array",
                    },
                    "updatedAt": {
                      "nullable": true,
                      "type": "string",
                    },
                    "widgetUrl": {
                      "nullable": true,
                      "type": "string",
                    },
                  },
                  "required": [
                    "enabled",
                    "createdAt",
                    "updatedAt",
                    "fromNetworks",
                    "toNetworks",
                    "tokens",
                    "widgetUrl",
                  ],
                  "type": "object",
                },
              },
            },
            "description": "200",
          },
        },
        "security": [
          {
            "bearerAuth": [
              "silos:write",
            ],
          },
        ],
        "summary": "Update the widget configuration for a silo",
        "tags": [
          "silos",
        ],
      },
    },
  },
}
`;
